// Jest Snapshot v1, https://goo.gl/fbAQLP

exports[`Header Component 1`] = `
<div>
  <div
    class="landbot-header"
  >
    header
  </div>
</div>
`;
